// Jest Snapshot v1, https://goo.gl/fbAQLP

exports[`renders correctly 1`] = `
<div>
  <p
    data-testid="title"
  >
    Demo
  </p>
  <p
    data-testid="name"
  >
    undefined
  </p>
</div>
`;
